[36213:0x102883000]       50 ms: Scavenge 2.3 (3.0) -> 1.9 (4.0) MB, 2.1 / 0.0 ms  (average mu = 1.000, current mu = 1.000) allocation failure 
[36213:0x102883000]       55 ms: Scavenge 2.3 (4.0) -> 2.3 (4.8) MB, 2.1 / 0.0 ms  (average mu = 1.000, current mu = 1.000) allocation failure 
[36213:0x102883000]       56 ms: Scavenge 2.9 (4.8) -> 2.9 (7.0) MB, 1.3 / 0.0 ms  (average mu = 1.000, current mu = 1.000) allocation failure 
[36213:0x102883000]       59 ms: Scavenge 4.2 (7.0) -> 4.3 (7.5) MB, 1.8 / 0.0 ms  (average mu = 1.000, current mu = 1.000) allocation failure 
[36213:0x102883000]       62 ms: Scavenge 4.8 (7.5) -> 4.7 (13.0) MB, 2.4 / 0.0 ms  (average mu = 1.000, current mu = 1.000) allocation failure 
[36213:0x102883000]       68 ms: Scavenge 8.1 (13.0) -> 8.4 (13.5) MB, 3.7 / 0.0 ms  (average mu = 1.000, current mu = 1.000) allocation failure 
[36213:0x102883000]       75 ms: Scavenge 8.6 (13.5) -> 8.1 (25.0) MB, 7.3 / 0.0 ms  (average mu = 1.000, current mu = 1.000) allocation failure 
[36213:0x102883000]       89 ms: Scavenge 16.1 (25.2) -> 16.8 (26.5) MB, 6.9 / 0.0 ms  (average mu = 1.000, current mu = 1.000) allocation failure 
[36213:0x102883000]       94 ms: Scavenge 16.8 (26.5) -> 15.9 (49.0) MB, 4.5 / 0.0 ms  (average mu = 1.000, current mu = 1.000) allocation failure 
[36213:0x102883000]      115 ms: Scavenge 32.5 (49.6) -> 34.2 (51.6) MB, 11.4 / 0.0 ms  (average mu = 1.000, current mu = 1.000) allocation failure 
[36213:0x102883000]      123 ms: Scavenge 34.2 (51.6) -> 32.2 (65.9) MB, 7.6 / 0.0 ms  (average mu = 1.000, current mu = 1.000) allocation failure 
[36213:0x102883000]      198 ms: Mark-sweep 98.2 (129.2) -> 96.6 (128.0) MB, 8.1 / 0.0 ms  (+ 10.1 ms in 121 steps since start of marking, biggest step 3.4 ms, walltime since start of marking 51 ms) (average mu = 1.000, current mu = 1.000) finalize incremental marking via stack guard GC in old space requested
[36213:0x102883000]      666 ms: Mark-sweep 598.5 (631.7) -> 591.3 (626.4) MB, 6.5 / 0.0 ms  (+ 68.1 ms in 747 steps since start of marking, biggest step 10.0 ms, walltime since start of marking 264 ms) (average mu = 0.841, current mu = 0.841) finalize incremental marking via stack guard GC in old space requested
